=== Tum deney matrisi basliyor: Wed Aug 19 12:06:25 UTC 2026 ===

=== [small_pca] basladi: Wed Aug 19 12:06:25 UTC 2026 ===
=== [small_pca] BASARILI: Wed Aug 19 12:07:34 UTC 2026 ===

=== [small_siren] basladi: Wed Aug 19 12:07:35 UTC 2026 ===
=== [small_siren] BASARILI: Wed Aug 19 12:10:42 UTC 2026 ===

=== [small_hashgrid] basladi: Wed Aug 19 12:10:42 UTC 2026 ===
=== [small_hashgrid] BASARILI: Wed Aug 19 12:49:54 UTC 2026 ===

=== [medium_pca] basladi: Wed Aug 19 12:49:55 UTC 2026 ===
=== [medium_pca] BASARILI: Wed Aug 19 12:51:22 UTC 2026 ===

=== [medium_siren] basladi: Wed Aug 19 12:51:22 UTC 2026 ===
=== [medium_siren] BASARILI: Wed Aug 19 12:57:28 UTC 2026 ===

=== [medium_hashgrid] basladi: Wed Aug 19 12:57:28 UTC 2026 ===
=== [medium_hashgrid] BASARILI: Wed Aug 19 13:59:35 UTC 2026 ===

=== [large_pca] basladi: Wed Aug 19 13:59:35 UTC 2026 ===
=== [large_pca] BASARILI: Wed Aug 19 14:01:10 UTC 2026 ===

=== [large_siren] basladi: Wed Aug 19 14:01:10 UTC 2026 ===
=== [large_siren] BASARILI: Wed Aug 19 14:18:32 UTC 2026 ===

=== [large_hashgrid] basladi: Wed Aug 19 14:18:32 UTC 2026 ===
=== [large_hashgrid] BASARILI: Wed Aug 19 17:33:45 UTC 2026 ===

=== Tum deneyler bitti: Wed Aug 19 17:33:45 UTC 2026 ===
Basarili: 9 / 9  |  Hatali: 0

=== Rapor uretiliyor: Wed Aug 19 17:33:45 UTC 2026 ===
[report] Rapor yazıldı: results/report/report.md

=== TAMAMLANDI: Wed Aug 19 17:33:47 UTC 2026 ===
